"","Axis.1","Axis.2","subject","Description"
"29-B1",0.0827961966617158,-0.166344642443014,1,"B1"
"30-B1",0.153219857134814,0.0267283012966892,2,"B1"
"31-B2",-0.0287396968529271,-0.105099584154238,2,"B2"
"32-B3",-0.0981067345173824,-0.0261027697957631,2,"B3"
"33-B1",-0.338741006336251,0.0606000244445939,3,"B1"
"34-B1",-0.360284744618062,0.0686537748619971,4,"B1"
"35-B2",-0.0920320238187971,0.0855345668223357,4,"B2"
"36-B3",0.0331897727047126,-0.0816190511355308,4,"B3"
"37-B1",0.336865862686234,0.289013717624223,5,"B1"
"38-B2",0.32883411916833,0.038853264573116,5,"B2"
"39-B3",0.31882693214247,0.226193022897219,5,"B3"
"40-B1",0.0918860295454543,0.150344489651365,6,"B1"
"41-B2",0.272468313726289,-0.0478796273305565,6,"B2"
"42-B3",-0.0369845422116142,0.0469347860829621,6,"B3"
"44-B2",-0.25245572343738,-0.0258290893258339,7,"B2"
"45-B3",0.0259632036139858,-0.154613917024381,7,"B3"
"46-B1",-0.194666376045227,-0.0314502459325223,8,"B1"
"47-B2",-0.340589175775076,0.102681804570001,8,"B2"
"48-B3",0.242494913558453,-0.0973234467305047,8,"B3"
"49-B1",0.333341904579473,-0.156487699085469,9,"B1"
"50-B2",0.0146176713016526,-0.124166348071519,9,"B2"
"52-B1",-0.136981988860764,0.0327321771903683,10,"B1"
"53-B2",-0.0267452486066091,-0.164156813906258,10,"B2"
"54-B3",-0.328177515743496,0.0528033049207197,10,"B3"
